Archive member included because of file (symbol)

/home/bogdan/.pebble-sdk/SDKs/current/sdk-core/pebble/basalt/lib/libpebble.a(tmp8ee_45pebble.o)
                              src/main.c.7.o (app_event_loop)

Discarded input sections

 .text          0x0000000000000000        0x0 /home/bogdan/pebble-dev/pebble-sdk-4.0-linux64/arm-cs-tools/bin/../lib/gcc/arm-none-eabi/4.7.2/thumb2/crti.o
 .bss           0x0000000000000000        0x0 /home/bogdan/pebble-dev/pebble-sdk-4.0-linux64/arm-cs-tools/bin/../lib/gcc/arm-none-eabi/4.7.2/thumb2/crti.o
 .init          0x0000000000000000        0x4 /home/bogdan/pebble-dev/pebble-sdk-4.0-linux64/arm-cs-tools/bin/../lib/gcc/arm-none-eabi/4.7.2/thumb2/crti.o
 .fini          0x0000000000000000        0x4 /home/bogdan/pebble-dev/pebble-sdk-4.0-linux64/arm-cs-tools/bin/../lib/gcc/arm-none-eabi/4.7.2/thumb2/crti.o
 .text          0x0000000000000000       0xc8 /home/bogdan/pebble-dev/pebble-sdk-4.0-linux64/arm-cs-tools/bin/../lib/gcc/arm-none-eabi/4.7.2/thumb2/crtbegin.o
 .bss           0x0000000000000000       0x1c /home/bogdan/pebble-dev/pebble-sdk-4.0-linux64/arm-cs-tools/bin/../lib/gcc/arm-none-eabi/4.7.2/thumb2/crtbegin.o
 .init_array    0x0000000000000000        0x4 /home/bogdan/pebble-dev/pebble-sdk-4.0-linux64/arm-cs-tools/bin/../lib/gcc/arm-none-eabi/4.7.2/thumb2/crtbegin.o
 .fini_array    0x0000000000000000        0x4 /home/bogdan/pebble-dev/pebble-sdk-4.0-linux64/arm-cs-tools/bin/../lib/gcc/arm-none-eabi/4.7.2/thumb2/crtbegin.o
 .eh_frame      0x0000000000000000        0x0 /home/bogdan/pebble-dev/pebble-sdk-4.0-linux64/arm-cs-tools/bin/../lib/gcc/arm-none-eabi/4.7.2/thumb2/crtbegin.o
 .jcr           0x0000000000000000        0x0 /home/bogdan/pebble-dev/pebble-sdk-4.0-linux64/arm-cs-tools/bin/../lib/gcc/arm-none-eabi/4.7.2/thumb2/crtbegin.o
 .tm_clone_table
                0x0000000000000000        0x0 /home/bogdan/pebble-dev/pebble-sdk-4.0-linux64/arm-cs-tools/bin/../lib/gcc/arm-none-eabi/4.7.2/thumb2/crtbegin.o
 .text          0x0000000000000000        0x0 src/main.c.7.o
 .bss           0x0000000000000000        0x0 src/main.c.7.o
 .text          0x0000000000000000        0x0 basalt/appinfo.auto.c.7.o
 .bss           0x0000000000000000        0x0 basalt/appinfo.auto.c.7.o
 .bss           0x0000000000000000        0x0 /home/bogdan/.pebble-sdk/SDKs/current/sdk-core/pebble/basalt/lib/libpebble.a(tmp8ee_45pebble.o)
 .text.accel_data_service_subscribe__deprecated
                0x0000000000000000        0xc /home/bogdan/.pebble-sdk/SDKs/current/sdk-core/pebble/basalt/lib/libpebble.a(tmp8ee_45pebble.o)
 .text.accel_data_service_unsubscribe
                0x0000000000000000        0xc /home/bogdan/.pebble-sdk/SDKs/current/sdk-core/pebble/basalt/lib/libpebble.a(tmp8ee_45pebble.o)
 .text.accel_service_peek
                0x0000000000000000        0xc /home/bogdan/.pebble-sdk/SDKs/current/sdk-core/pebble/basalt/lib/libpebble.a(tmp8ee_45pebble.o)
 .text.accel_service_set_samples_per_update
                0x0000000000000000        0xc /home/bogdan/.pebble-sdk/SDKs/current/sdk-core/pebble/basalt/lib/libpebble.a(tmp8ee_45pebble.o)
 .text.accel_service_set_sampling_rate
                0x0000000000000000        0xc /home/bogdan/.pebble-sdk/SDKs/current/sdk-core/pebble/basalt/lib/libpebble.a(tmp8ee_45pebble.o)
 .text.accel_tap_service_subscribe
                0x0000000000000000        0xc /home/bogdan/.pebble-sdk/SDKs/current/sdk-core/pebble/basalt/lib/libpebble.a(tmp8ee_45pebble.o)
 .text.accel_tap_service_unsubscribe
                0x0000000000000000        0xc /home/bogdan/.pebble-sdk/SDKs/current/sdk-core/pebble/basalt/lib/libpebble.a(tmp8ee_45pebble.o)
 .text.action_bar_layer_legacy2_add_to_window
                0x0000000000000000        0xc /home/bogdan/.pebble-sdk/SDKs/current/sdk-core/pebble/basalt/lib/libpebble.a(tmp8ee_45pebble.o)
 .text.action_bar_layer_legacy2_clear_icon
                0x0000000000000000        0xc /home/bogdan/.pebble-sdk/SDKs/current/sdk-core/pebble/basalt/lib/libpebble.a(tmp8ee_45pebble.o)
 .text.action_bar_layer_legacy2_create
                0x0000000000000000        0xc /home/bogdan/.pebble-sdk/SDKs/current/sdk-core/pebble/basalt/lib/libpebble.a(tmp8ee_45pebble.o)
 .text.action_bar_layer_legacy2_destroy
                0x0000000000000000        0xc /home/bogdan/.pebble-sdk/SDKs/current/sdk-core/pebble/basalt/lib/libpebble.a(tmp8ee_45pebble.o)
 .text.action_bar_layer_legacy2_get_layer
                0x0000000000000000        0xc /home/bogdan/.pebble-sdk/SDKs/current/sdk-core/pebble/basalt/lib/libpebble.a(tmp8ee_45pebble.o)
 .text.action_bar_layer_legacy2_remove_from_window
                0x0000000000000000        0xc /home/bogdan/.pebble-sdk/SDKs/current/sdk-core/pebble/basalt/lib/libpebble.a(tmp8ee_45pebble.o)
 .text.action_bar_layer_legacy2_set_background_color_2bit
                0x0000000000000000        0xc /home/bogdan/.pebble-sdk/SDKs/current/sdk-core/pebble/basalt/lib/libpebble.a(tmp8ee_45pebble.o)
[...]
Memory Configuration

Name             Origin             Length             Attributes
APP              0x0000000000000000 0x0000000000010000 xrw
*default*        0x0000000000000000 0xffffffffffffffff

Linker script and memory map

LOAD /home/bogdan/pebble-dev/pebble-sdk-4.0-linux64/arm-cs-tools/bin/../lib/gcc/arm-none-eabi/4.7.2/thumb2/crti.o
LOAD /home/bogdan/pebble-dev/pebble-sdk-4.0-linux64/arm-cs-tools/bin/../lib/gcc/arm-none-eabi/4.7.2/thumb2/crtbegin.o
LOAD src/main.c.7.o
LOAD basalt/appinfo.auto.c.7.o
LOAD /home/bogdan/.pebble-sdk/SDKs/current/sdk-core/pebble/basalt/lib/libpebble.a
START GROUP
LOAD /home/bogdan/pebble-dev/pebble-sdk-4.0-linux64/arm-cs-tools/bin/../lib/gcc/arm-none-eabi/4.7.2/thumb2/libgcc.a
LOAD /home/bogdan/pebble-dev/pebble-sdk-4.0-linux64/arm-cs-tools/bin/../lib/gcc/arm-none-eabi/4.7.2/../../../../arm-none-eabi/lib/thumb2/libc.a
END GROUP
LOAD /home/bogdan/pebble-dev/pebble-sdk-4.0-linux64/arm-cs-tools/bin/../lib/gcc/arm-none-eabi/4.7.2/thumb2/crtend.o
LOAD /home/bogdan/pebble-dev/pebble-sdk-4.0-linux64/arm-cs-tools/bin/../lib/gcc/arm-none-eabi/4.7.2/thumb2/crtn.o

.header         0x0000000000000000       0x82
 *(.pbl_header)
 .pbl_header    0x0000000000000000       0x82 basalt/appinfo.auto.c.7.o
                0x0000000000000000                __pbl_app_info

.note.gnu.build-id
                0x0000000000000082       0x26
                0x0000000000000082                PROVIDE (BUILD_ID, .)
 *(.note.gnu.build-id)
 *fill*         0x0000000000000082        0x2 
 .note.gnu.build-id
                0x0000000000000084       0x24 linker stubs

.text           0x00000000000000a8     0x133b
 *(.text)
 .text          0x00000000000000a8       0x14 /home/bogdan/.pebble-sdk/SDKs/current/sdk-core/pebble/basalt/lib/libpebble.a(tmp8ee_45pebble.o)
 *(.text.*)
 .text.set_background_color
                0x00000000000000bc       0x30 src/main.c.7.o
 .text.outbox_sent_callback
                0x00000000000000ec       0x1c src/main.c.7.o
 .text.outbox_failed_callback
                0x0000000000000108       0x1c src/main.c.7.o
 .text.inbox_dropped_callback
                0x0000000000000124       0x1c src/main.c.7.o
 .text.update_time
                0x0000000000000140       0xe4 src/main.c.7.o
 .text.tick_handler
                0x0000000000000224        0x4 src/main.c.7.o
 .text.set_text_color
                0x0000000000000228       0xd8 src/main.c.7.o
 .text.main_window_unload
                0x0000000000000300       0x78 src/main.c.7.o
 .text.battery_callback.isra.0
                0x0000000000000378       0x58 src/main.c.7.o
 .text.inbox_received_callback
                0x00000000000003d0      0x470 src/main.c.7.o
 .text.bt_handler
                0x0000000000000840       0x5c src/main.c.7.o
 .text.main_window_load
                0x000000000000089c      0x590 src/main.c.7.o
 .text.startup.main
                0x0000000000000e2c       0xe4 src/main.c.7.o
                0x0000000000000e2c                main
 .text.app_event_loop
                0x0000000000000f10        0xc /home/bogdan/.pebble-sdk/SDKs/current/sdk-core/pebble/basalt/lib/libpebble.a(tmp8ee_45pebble.o)
                0x0000000000000f10                app_event_loop
 .text.app_log  0x0000000000000f1c        0xc /home/bogdan/.pebble-sdk/SDKs/current/sdk-core/pebble/basalt/lib/libpebble.a(tmp8ee_45pebble.o)
                0x0000000000000f1c                app_log
 .text.app_message_open
                0x0000000000000f28        0xc /home/bogdan/.pebble-sdk/SDKs/current/sdk-core/pebble/basalt/lib/libpebble.a(tmp8ee_45pebble.o)
                0x0000000000000f28                app_message_open
 .text.battery_state_service_peek
                0x0000000000000f34        0xc /home/bogdan/.pebble-sdk/SDKs/current/sdk-core/pebble/basalt/lib/libpebble.a(tmp8ee_45pebble.o)
                0x0000000000000f34                battery_state_service_peek
 .text.bluetooth_connection_service_peek
                0x0000000000000f40        0xc /home/bogdan/.pebble-sdk/SDKs/current/sdk-core/pebble/basalt/lib/libpebble.a(tmp8ee_45pebble.o)
                0x0000000000000f40                bluetooth_connection_service_peek
 .text.bluetooth_connection_service_subscribe
                0x0000000000000f4c        0xc /home/bogdan/.pebble-sdk/SDKs/current/sdk-core/pebble/basalt/lib/libpebble.a(tmp8ee_45pebble.o)
                0x0000000000000f4c                bluetooth_connection_service_subscribe
 .text.clock_is_24h_style
                0x0000000000000f58        0xc /home/bogdan/.pebble-sdk/SDKs/current/sdk-core/pebble/basalt/lib/libpebble.a(tmp8ee_45pebble.o)
                0x0000000000000f58                clock_is_24h_style
 .text.dict_find
                0x0000000000000f64        0xc /home/bogdan/.pebble-sdk/SDKs/current/sdk-core/pebble/basalt/lib/libpebble.a(tmp8ee_45pebble.o)
                0x0000000000000f64                dict_find
 .text.dict_write_uint8
                0x0000000000000f70        0xc /home/bogdan/.pebble-sdk/SDKs/current/sdk-core/pebble/basalt/lib/libpebble.a(tmp8ee_45pebble.o)
                0x0000000000000f70                dict_write_uint8
 .text.fonts_load_custom_font
                0x0000000000000f7c        0xc /home/bogdan/.pebble-sdk/SDKs/current/sdk-core/pebble/basalt/lib/libpebble.a(tmp8ee_45pebble.o)
                0x0000000000000f7c                fonts_load_custom_font
 .text.fonts_unload_custom_font
                0x0000000000000f88        0xc /home/bogdan/.pebble-sdk/SDKs/current/sdk-core/pebble/basalt/lib/libpebble.a(tmp8ee_45pebble.o)
                0x0000000000000f88                fonts_unload_custom_font
 .text.layer_add_child
                0x0000000000000f94        0xc /home/bogdan/.pebble-sdk/SDKs/current/sdk-core/pebble/basalt/lib/libpebble.a(tmp8ee_45pebble.o)
                0x0000000000000f94                layer_add_child
 .text.memset   0x0000000000000fa0        0xc /home/bogdan/.pebble-sdk/SDKs/current/sdk-core/pebble/basalt/lib/libpebble.a(tmp8ee_45pebble.o)
                0x0000000000000fa0                memset
 .text.persist_exists
                0x0000000000000fac        0xc /home/bogdan/.pebble-sdk/SDKs/current/sdk-core/pebble/basalt/lib/libpebble.a(tmp8ee_45pebble.o)
                0x0000000000000fac                persist_exists
 .text.persist_read_bool
                0x0000000000000fb8        0xc /home/bogdan/.pebble-sdk/SDKs/current/sdk-core/pebble/basalt/lib/libpebble.a(tmp8ee_45pebble.o)
                0x0000000000000fb8                persist_read_bool
 .text.persist_read_int
                0x0000000000000fc4        0xc /home/bogdan/.pebble-sdk/SDKs/current/sdk-core/pebble/basalt/lib/libpebble.a(tmp8ee_45pebble.o)
                0x0000000000000fc4                persist_read_int
 .text.persist_write_bool
                0x0000000000000fd0        0xc /home/bogdan/.pebble-sdk/SDKs/current/sdk-core/pebble/basalt/lib/libpebble.a(tmp8ee_45pebble.o)
                0x0000000000000fd0                persist_write_bool
 .text.persist_write_int
                0x0000000000000fdc        0xc /home/bogdan/.pebble-sdk/SDKs/current/sdk-core/pebble/basalt/lib/libpebble.a(tmp8ee_45pebble.o)
                0x0000000000000fdc                persist_write_int
 .text.persist_write_string
                0x0000000000000fe8        0xc /home/bogdan/.pebble-sdk/SDKs/current/sdk-core/pebble/basalt/lib/libpebble.a(tmp8ee_45pebble.o)
                0x0000000000000fe8                persist_write_string
 .text.resource_get_handle
                0x0000000000000ff4        0xc /home/bogdan/.pebble-sdk/SDKs/current/sdk-core/pebble/basalt/lib/libpebble.a(tmp8ee_45pebble.o)
                0x0000000000000ff4                resource_get_handle
 .text.snprintf
                0x0000000000001000        0xc /home/bogdan/.pebble-sdk/SDKs/current/sdk-core/pebble/basalt/lib/libpebble.a(tmp8ee_45pebble.o)
                0x0000000000001000                snprintf
 .text.strcpy   0x000000000000100c        0xc /home/bogdan/.pebble-sdk/SDKs/current/sdk-core/pebble/basalt/lib/libpebble.a(tmp8ee_45pebble.o)
                0x000000000000100c                strcpy
 .text.strftime
                0x0000000000001018        0xc /home/bogdan/.pebble-sdk/SDKs/current/sdk-core/pebble/basalt/lib/libpebble.a(tmp8ee_45pebble.o)
                0x0000000000001018                strftime
 .text.tick_timer_service_subscribe
                0x0000000000001024        0xc /home/bogdan/.pebble-sdk/SDKs/current/sdk-core/pebble/basalt/lib/libpebble.a(tmp8ee_45pebble.o)
                0x0000000000001024                tick_timer_service_subscribe
 .text.vibes_double_pulse
                0x0000000000001030        0xc /home/bogdan/.pebble-sdk/SDKs/current/sdk-core/pebble/basalt/lib/libpebble.a(tmp8ee_45pebble.o)
                0x0000000000001030                vibes_double_pulse
 .text.vibes_short_pulse
                0x000000000000103c        0xc /home/bogdan/.pebble-sdk/SDKs/current/sdk-core/pebble/basalt/lib/libpebble.a(tmp8ee_45pebble.o)
                0x000000000000103c                vibes_short_pulse
 .text.window_create
                0x0000000000001048        0xc /home/bogdan/.pebble-sdk/SDKs/current/sdk-core/pebble/basalt/lib/libpebble.a(tmp8ee_45pebble.o)
                0x0000000000001048                window_create
 .text.window_destroy
                0x0000000000001054        0xc /home/bogdan/.pebble-sdk/SDKs/current/sdk-core/pebble/basalt/lib/libpebble.a(tmp8ee_45pebble.o)
                0x0000000000001054                window_destroy
 .text.window_get_root_layer
                0x0000000000001060        0xc /home/bogdan/.pebble-sdk/SDKs/current/sdk-core/pebble/basalt/lib/libpebble.a(tmp8ee_45pebble.o)
                0x0000000000001060                window_get_root_layer
 .text.window_set_window_handlers
                0x000000000000106c        0xc /home/bogdan/.pebble-sdk/SDKs/current/sdk-core/pebble/basalt/lib/libpebble.a(tmp8ee_45pebble.o)
                0x000000000000106c                window_set_window_handlers
 .text.window_stack_push
                0x0000000000001078        0xc /home/bogdan/.pebble-sdk/SDKs/current/sdk-core/pebble/basalt/lib/libpebble.a(tmp8ee_45pebble.o)
                0x0000000000001078                window_stack_push
 .text.app_message_inbox_size_maximum
                0x0000000000001084        0xc /home/bogdan/.pebble-sdk/SDKs/current/sdk-core/pebble/basalt/lib/libpebble.a(tmp8ee_45pebble.o)
                0x0000000000001084                app_message_inbox_size_maximum
 .text.app_message_outbox_begin
                0x0000000000001090        0xc /home/bogdan/.pebble-sdk/SDKs/current/sdk-core/pebble/basalt/lib/libpebble.a(tmp8ee_45pebble.o)
                0x0000000000001090                app_message_outbox_begin
 .text.app_message_outbox_send
                0x000000000000109c        0xc /home/bogdan/.pebble-sdk/SDKs/current/sdk-core/pebble/basalt/lib/libpebble.a(tmp8ee_45pebble.o)
                0x000000000000109c                app_message_outbox_send
 .text.app_message_outbox_size_maximum
                0x00000000000010a8        0xc /home/bogdan/.pebble-sdk/SDKs/current/sdk-core/pebble/basalt/lib/libpebble.a(tmp8ee_45pebble.o)
                0x00000000000010a8                app_message_outbox_size_maximum
 .text.app_message_register_inbox_dropped
                0x00000000000010b4        0xc /home/bogdan/.pebble-sdk/SDKs/current/sdk-core/pebble/basalt/lib/libpebble.a(tmp8ee_45pebble.o)
                0x00000000000010b4                app_message_register_inbox_dropped
 .text.app_message_register_inbox_received
                0x00000000000010c0        0xc /home/bogdan/.pebble-sdk/SDKs/current/sdk-core/pebble/basalt/lib/libpebble.a(tmp8ee_45pebble.o)
                0x00000000000010c0                app_message_register_inbox_received
 .text.app_message_register_outbox_failed
                0x00000000000010cc        0xc /home/bogdan/.pebble-sdk/SDKs/current/sdk-core/pebble/basalt/lib/libpebble.a(tmp8ee_45pebble.o)
                0x00000000000010cc                app_message_register_outbox_failed
 .text.app_message_register_outbox_sent
                0x00000000000010d8        0xc /home/bogdan/.pebble-sdk/SDKs/current/sdk-core/pebble/basalt/lib/libpebble.a(tmp8ee_45pebble.o)
                0x00000000000010d8                app_message_register_outbox_sent
 .text.persist_read_string
                0x00000000000010e4        0xc /home/bogdan/.pebble-sdk/SDKs/current/sdk-core/pebble/basalt/lib/libpebble.a(tmp8ee_45pebble.o)
                0x00000000000010e4                persist_read_string
 .text.window_set_background_color
                0x00000000000010f0        0xc /home/bogdan/.pebble-sdk/SDKs/current/sdk-core/pebble/basalt/lib/libpebble.a(tmp8ee_45pebble.o)
                0x00000000000010f0                window_set_background_color
 .text.localtime
                0x00000000000010fc        0xc /home/bogdan/.pebble-sdk/SDKs/current/sdk-core/pebble/basalt/lib/libpebble.a(tmp8ee_45pebble.o)
                0x00000000000010fc                localtime
 .text.text_layer_create
                0x0000000000001108        0xc /home/bogdan/.pebble-sdk/SDKs/current/sdk-core/pebble/basalt/lib/libpebble.a(tmp8ee_45pebble.o)
                0x0000000000001108                text_layer_create
 .text.text_layer_destroy
                0x0000000000001114        0xc /home/bogdan/.pebble-sdk/SDKs/current/sdk-core/pebble/basalt/lib/libpebble.a(tmp8ee_45pebble.o)
                0x0000000000001114                text_layer_destroy
 .text.text_layer_get_layer
                0x0000000000001120        0xc /home/bogdan/.pebble-sdk/SDKs/current/sdk-core/pebble/basalt/lib/libpebble.a(tmp8ee_45pebble.o)
                0x0000000000001120                text_layer_get_layer
 .text.text_layer_set_background_color
                0x000000000000112c        0xc /home/bogdan/.pebble-sdk/SDKs/current/sdk-core/pebble/basalt/lib/libpebble.a(tmp8ee_45pebble.o)
                0x000000000000112c                text_layer_set_background_color
 .text.text_layer_set_font
                0x0000000000001138        0xc /home/bogdan/.pebble-sdk/SDKs/current/sdk-core/pebble/basalt/lib/libpebble.a(tmp8ee_45pebble.o)
                0x0000000000001138                text_layer_set_font
 .text.text_layer_set_overflow_mode
                0x0000000000001144        0xc /home/bogdan/.pebble-sdk/SDKs/current/sdk-core/pebble/basalt/lib/libpebble.a(tmp8ee_45pebble.o)
                0x0000000000001144                text_layer_set_overflow_mode
 .text.text_layer_set_text
                0x0000000000001150        0xc /home/bogdan/.pebble-sdk/SDKs/current/sdk-core/pebble/basalt/lib/libpebble.a(tmp8ee_45pebble.o)
                0x0000000000001150                text_layer_set_text
 .text.text_layer_set_text_alignment
                0x000000000000115c        0xc /home/bogdan/.pebble-sdk/SDKs/current/sdk-core/pebble/basalt/lib/libpebble.a(tmp8ee_45pebble.o)
                0x000000000000115c                text_layer_set_text_alignment
 .text.text_layer_set_text_color
                0x0000000000001168        0xc /home/bogdan/.pebble-sdk/SDKs/current/sdk-core/pebble/basalt/lib/libpebble.a(tmp8ee_45pebble.o)
                0x0000000000001168                text_layer_set_text_color
 .text.time     0x0000000000001174        0xc /home/bogdan/.pebble-sdk/SDKs/current/sdk-core/pebble/basalt/lib/libpebble.a(tmp8ee_45pebble.o)
                0x0000000000001174                time
 *(.rodata)
 .rodata        0x0000000000001180       0x28 src/main.c.7.o
 *(.rodata*)
 .rodata.str1.1
                0x00000000000011a8      0x23b src/main.c.7.o
                                        0x23e (size before relaxing)

.glue_7         0x00000000000013e4        0x0
 .glue_7        0x0000000000000000        0x0 linker stubs

.glue_7t        0x00000000000013e4        0x0
 .glue_7t       0x0000000000000000        0x0 linker stubs

.vfp11_veneer   0x00000000000013e4        0x0
 .vfp11_veneer  0x0000000000000000        0x0 linker stubs

.v4_bx          0x00000000000013e4        0x0
 .v4_bx         0x0000000000000000        0x0 linker stubs

.iplt           0x00000000000013e4        0x0
 .iplt          0x0000000000000000        0x0 /home/bogdan/pebble-dev/pebble-sdk-4.0-linux64/arm-cs-tools/bin/../lib/gcc/arm-none-eabi/4.7.2/thumb2/crtbegin.o

.rel.dyn        0x00000000000013e4        0x0
 .rel.iplt      0x0000000000000000        0x0 /home/bogdan/pebble-dev/pebble-sdk-4.0-linux64/arm-cs-tools/bin/../lib/gcc/arm-none-eabi/4.7.2/thumb2/crtbegin.o

.data           0x00000000000013e4       0x18
 *(.data)
 .data          0x00000000000013e4        0x0 /home/bogdan/pebble-dev/pebble-sdk-4.0-linux64/arm-cs-tools/bin/../lib/gcc/arm-none-eabi/4.7.2/thumb2/crti.o
 .data          0x00000000000013e4        0x4 /home/bogdan/pebble-dev/pebble-sdk-4.0-linux64/arm-cs-tools/bin/../lib/gcc/arm-none-eabi/4.7.2/thumb2/crtbegin.o
                0x00000000000013e4                __dso_handle
 .data          0x00000000000013e8        0x0 src/main.c.7.o
 .data          0x00000000000013e8        0x0 basalt/appinfo.auto.c.7.o
 .data          0x00000000000013e8        0x0 /home/bogdan/.pebble-sdk/SDKs/current/sdk-core/pebble/basalt/lib/libpebble.a(tmp8ee_45pebble.o)
 .data          0x00000000000013e8        0x0 /home/bogdan/pebble-dev/pebble-sdk-4.0-linux64/arm-cs-tools/bin/../lib/gcc/arm-none-eabi/4.7.2/thumb2/crtend.o
 .data          0x00000000000013e8        0x0 /home/bogdan/pebble-dev/pebble-sdk-4.0-linux64/arm-cs-tools/bin/../lib/gcc/arm-none-eabi/4.7.2/thumb2/crtn.o
 *(.data.*)
 .data.battery_visible
                0x00000000000013e8        0x1 src/main.c.7.o
 *fill*         0x00000000000013e9        0x3 
 .data.background_disconnect_color
                0x00000000000013ec        0x4 src/main.c.7.o
 .data.custom_text_visible
                0x00000000000013f0        0x1 src/main.c.7.o
 .data.vibrate_disconnect
                0x00000000000013f1        0x1 src/main.c.7.o
 .data.vibrate_hourly
                0x00000000000013f2        0x1 src/main.c.7.o
 .data.visual_disconnect
                0x00000000000013f3        0x1 src/main.c.7.o
 .data.military_time
                0x00000000000013f4        0x1 src/main.c.7.o
 .data.weather_visible
                0x00000000000013f5        0x1 src/main.c.7.o
 *fill*         0x00000000000013f6        0x2 
 .data.background_color
                0x00000000000013f8        0x4 src/main.c.7.o

.igot.plt       0x00000000000013fc        0x0
 .igot.plt      0x0000000000000000        0x0 /home/bogdan/pebble-dev/pebble-sdk-4.0-linux64/arm-cs-tools/bin/../lib/gcc/arm-none-eabi/4.7.2/thumb2/crtbegin.o

.bss            0x00000000000013fc       0xbc
 *(.bss)
 *(.bss.*)
 .bss.text_font
                0x00000000000013fc        0x4 src/main.c.7.o
 .bss.text_small_font
                0x0000000000001400        0x4 src/main.c.7.o
 .bss.s_weather_layer
                0x0000000000001404        0x4 src/main.c.7.o
 .bss.weather_layer_buffer.7366
                0x0000000000001408       0x20 src/main.c.7.o
 .bss.font_background_color
                0x0000000000001428        0x1 src/main.c.7.o
 *fill*         0x0000000000001429        0x3 
 .bss.s_battery_level
                0x000000000000142c        0x4 src/main.c.7.o
 .bss.batt.7340
                0x0000000000001430        0xb src/main.c.7.o
 *fill*         0x000000000000143b        0x1 
 .bss.s_main_window
                0x000000000000143c        0x4 src/main.c.7.o
 .bss.conditions_buffer.7365
                0x0000000000001440       0x20 src/main.c.7.o
 .bss.s_time_layer
                0x0000000000001460        0x4 src/main.c.7.o
 .bss.custom_text_value
                0x0000000000001464       0x20 src/main.c.7.o
 .bss.font_disconnect_color
                0x0000000000001484        0x4 src/main.c.7.o
 .bss.time_font
                0x0000000000001488        0x4 src/main.c.7.o
 .bss.s_day_layer
                0x000000000000148c        0x4 src/main.c.7.o
 .bss.time.7323
                0x0000000000001490        0x6 src/main.c.7.o
 *fill*         0x0000000000001496        0x2 
 .bss.s_battery_percent_layer
                0x0000000000001498        0x4 src/main.c.7.o
 .bss.weekday.7328
                0x000000000000149c        0xb src/main.c.7.o
 *fill*         0x00000000000014a7        0x1 
 .bss.font_color
                0x00000000000014a8        0x4 src/main.c.7.o
 .bss.temperature_buffer.7364
                0x00000000000014ac        0x8 src/main.c.7.o
 .bss.s_custom_layer
                0x00000000000014b4        0x4 src/main.c.7.o

DISCARD
 libc.a(*)
 libm.a(*)
 libgcc.a(*)
 *(.eh_frame)
OUTPUT(/home/bogdan/Dropbox/CS50/project/sfclock/build/basalt/pebble-app.elf elf32-littlearm)

.ARM.attributes
                0x0000000000000000       0x27
 .ARM.attributes
                0x0000000000000000       0x19 /home/bogdan/pebble-dev/pebble-sdk-4.0-linux64/arm-cs-tools/bin/../lib/gcc/arm-none-eabi/4.7.2/thumb2/crti.o
 .ARM.attributes
                0x0000000000000019       0x29 /home/bogdan/pebble-dev/pebble-sdk-4.0-linux64/arm-cs-tools/bin/../lib/gcc/arm-none-eabi/4.7.2/thumb2/crtbegin.o
 .ARM.attributes
                0x0000000000000042       0x33 src/main.c.7.o
 .ARM.attributes
                0x0000000000000075       0x33 basalt/appinfo.auto.c.7.o
 .ARM.attributes
                0x00000000000000a8       0x21 /home/bogdan/.pebble-sdk/SDKs/current/sdk-core/pebble/basalt/lib/libpebble.a(tmp8ee_45pebble.o)
 .ARM.attributes
                0x00000000000000c9       0x29 /home/bogdan/pebble-dev/pebble-sdk-4.0-linux64/arm-cs-tools/bin/../lib/gcc/arm-none-eabi/4.7.2/thumb2/crtend.o
 .ARM.attributes
                0x00000000000000f2       0x19 /home/bogdan/pebble-dev/pebble-sdk-4.0-linux64/arm-cs-tools/bin/../lib/gcc/arm-none-eabi/4.7.2/thumb2/crtn.o

.comment        0x0000000000000000       0x4e
 .comment       0x0000000000000000       0x4e /home/bogdan/pebble-dev/pebble-sdk-4.0-linux64/arm-cs-tools/bin/../lib/gcc/arm-none-eabi/4.7.2/thumb2/crtbegin.o
                                         0x4f (size before relaxing)
 .comment       0x0000000000000000       0x4f src/main.c.7.o
 .comment       0x0000000000000000       0x4f basalt/appinfo.auto.c.7.o
 .comment       0x0000000000000000       0x4f /home/bogdan/pebble-dev/pebble-sdk-4.0-linux64/arm-cs-tools/bin/../lib/gcc/arm-none-eabi/4.7.2/thumb2/crtend.o

.debug_info     0x0000000000000000     0x24fb
 .debug_info    0x0000000000000000     0x21bb src/main.c.7.o
 .debug_info    0x00000000000021bb      0x340 basalt/appinfo.auto.c.7.o

.debug_abbrev   0x0000000000000000      0x470
 .debug_abbrev  0x0000000000000000      0x3d2 src/main.c.7.o
 .debug_abbrev  0x00000000000003d2       0x9e basalt/appinfo.auto.c.7.o

.debug_loc      0x0000000000000000      0x5cc
 .debug_loc     0x0000000000000000      0x5cc src/main.c.7.o

.debug_aranges  0x0000000000000000       0x98
 .debug_aranges
                0x0000000000000000       0x80 src/main.c.7.o
 .debug_aranges
                0x0000000000000080       0x18 basalt/appinfo.auto.c.7.o

.debug_ranges   0x0000000000000000       0xa0
 .debug_ranges  0x0000000000000000       0xa0 src/main.c.7.o

.debug_line     0x0000000000000000      0x614
 .debug_line    0x0000000000000000      0x4d1 src/main.c.7.o
 .debug_line    0x00000000000004d1      0x143 basalt/appinfo.auto.c.7.o

.debug_str      0x0000000000000000     0x10c8
 .debug_str     0x0000000000000000      0xeaf src/main.c.7.o
                                       0x1057 (size before relaxing)
 .debug_str     0x0000000000000eaf      0x219 basalt/appinfo.auto.c.7.o
                                        0x386 (size before relaxing)

.debug_frame    0x0000000000000000      0x160
 .debug_frame   0x0000000000000000      0x160 src/main.c.7.o
